| gen_unary_op_expr.rs:5:13:5:15 | UnaryOpExpr | getExpr: | gen_unary_op_expr.rs:5:14:5:15 | LiteralExpr | getOp: | - |
| gen_unary_op_expr.rs:6:13:6:17 | UnaryOpExpr | getExpr: | gen_unary_op_expr.rs:6:14:6:17 | LiteralExpr | getOp: | ! |
| gen_unary_op_expr.rs:7:13:7:16 | UnaryOpExpr | getExpr: | gen_unary_op_expr.rs:7:14:7:16 | PathExpr | getOp: | * |
