| test.go:6:2:6:33 | ... := ...[0] |
| test.go:15:2:15:51 | ... := ...[0] |
| test.go:24:2:24:37 | ... := ...[0] |
