| tests.c:7:18:7:18 | 1 | This format specifier for type 'char *' does not match the argument type 'int'. |
| tests.c:11:18:11:20 | str | This format specifier for type 'char *' does not match the argument type '<error-type> *'. |
