| gen_let_stmt.rs:6:5:6:20 | let x = ... | gen_let_stmt.rs:6:12:6:14 | i32 |
| gen_let_stmt.rs:7:5:7:15 | let x | gen_let_stmt.rs:7:12:7:14 | i32 |
