| my_macro.rs:17:9:17:27 | MacroCall | Macro call was not resolved to a target. |
