| gen_bind_pat.rs:10:9:10:17 | BindPat | gen_bind_pat.rs:10:11:10:17 | TupleStructPat |
