| gen_offset_of_expr.rs:5:5:5:38 | OffsetOfExpr | getContainer: | file://:0:0:0:0 | Type | getNumberOfFields: | 1 |
