| Partial.cs:7:46:7:48 | get_PartialProperty1 | true |
| Partial.cs:7:51:7:53 | set_PartialProperty1 | true |
| Partial.cs:9:45:9:47 | get_Item | true |
| Partial.cs:9:50:9:52 | set_Item | true |
| Partial.cs:41:30:41:32 | get_Property | false |
| Partial.cs:41:35:41:37 | set_Property | false |
| Partial.cs:44:9:44:11 | get_Item | false |
| Partial.cs:45:9:45:11 | set_Item | false |
