| gen_element_list_expr.rs:5:5:5:19 | ElementListExpr | 0 | gen_element_list_expr.rs:5:6:5:6 | Literal |
| gen_element_list_expr.rs:5:5:5:19 | ElementListExpr | 1 | gen_element_list_expr.rs:5:9:5:9 | Literal |
| gen_element_list_expr.rs:5:5:5:19 | ElementListExpr | 2 | gen_element_list_expr.rs:5:12:5:12 | Literal |
| gen_element_list_expr.rs:5:5:5:19 | ElementListExpr | 3 | gen_element_list_expr.rs:5:15:5:15 | Literal |
| gen_element_list_expr.rs:5:5:5:19 | ElementListExpr | 4 | gen_element_list_expr.rs:5:18:5:18 | Literal |
| gen_element_list_expr.rs:6:5:6:19 | ElementListExpr | 0 | gen_element_list_expr.rs:6:6:6:6 | Literal |
| gen_element_list_expr.rs:6:5:6:19 | ElementListExpr | 1 | gen_element_list_expr.rs:6:9:6:9 | Literal |
| gen_element_list_expr.rs:6:5:6:19 | ElementListExpr | 2 | gen_element_list_expr.rs:6:12:6:12 | Literal |
| gen_element_list_expr.rs:6:5:6:19 | ElementListExpr | 3 | gen_element_list_expr.rs:6:15:6:15 | Literal |
| gen_element_list_expr.rs:6:5:6:19 | ElementListExpr | 4 | gen_element_list_expr.rs:6:18:6:18 | Literal |
