ERROR: AccessPathRange must implement toString() (/Users/asger/git/code/ql/javascript/ql/lib/semmle/javascript/dataflow/internal/sharedlib/FlowSummaryImpl.qll:1053,19-34)
ERROR: Cannot reference parameterised module signatures without arguments. (/Users/asger/git/code/ql/javascript/ql/lib/semmle/javascript/dataflow/internal/VariableCapture.qll:6,41-49)
ERROR: Class must extend or implement at least one type (/Users/asger/git/code/ql/javascript/ql/lib/semmle/javascript/dataflow/internal/sharedlib/FlowSummaryImpl.qll:1053,19-34)
ERROR: Could not resolve module AccessPath (/Users/asger/git/code/ql/javascript/ql/lib/semmle/javascript/dataflow/internal/sharedlib/FlowSummaryImpl.qll:1053,43-53)
ERROR: Could not resolve module AccessPath (/Users/asger/git/code/ql/javascript/ql/lib/semmle/javascript/dataflow/internal/sharedlib/FlowSummaryImpl.qll:1187,7-17)
ERROR: Could not resolve module AccessPathSyntax (/Users/asger/git/code/ql/javascript/ql/lib/semmle/javascript/dataflow/internal/Contents.qll:28,12-28)
ERROR: Could not resolve module AccessPathSyntax (/Users/asger/git/code/ql/javascript/ql/lib/semmle/javascript/dataflow/internal/Contents.qll:50,14-30)
ERROR: Could not resolve module AccessPathSyntax (/Users/asger/git/code/ql/javascript/ql/lib/semmle/javascript/dataflow/internal/FlowSummaryPrivate.qll:150,24-40)
ERROR: Could not resolve module AccessPathSyntax (/Users/asger/git/code/ql/javascript/ql/lib/semmle/javascript/dataflow/internal/FlowSummaryPrivate.qll:189,9-25)
ERROR: Could not resolve module AccessPathSyntax (/Users/asger/git/code/ql/javascript/ql/lib/semmle/javascript/dataflow/internal/sharedlib/FlowSummaryImpl.qll:343,10-26)
ERROR: Could not resolve module AccessPathSyntax (/Users/asger/git/code/ql/javascript/ql/lib/semmle/javascript/dataflow/internal/FlowSummaryPrivate.qll:358,27-43)
ERROR: Could not resolve module Pass1 (/Users/asger/git/code/ql/shared/dataflow/codeql/dataflow/DataFlow.qll:952,29-34)
ERROR: Could not resolve module Pass2 (/Users/asger/git/code/ql/shared/dataflow/codeql/dataflow/DataFlow.qll:955,48-53)
ERROR: Could not resolve module Pass2 (/Users/asger/git/code/ql/shared/dataflow/codeql/dataflow/DataFlow.qll:958,13-18)
ERROR: Could not resolve module VariableCapture::VariableCaptureOutput (/Users/asger/git/code/ql/javascript/ql/lib/semmle/javascript/dataflow/internal/DataFlowNode.qll:63,23-61)
ERROR: Could not resolve module VariableCaptureOutput (/Users/asger/git/code/ql/javascript/ql/lib/semmle/javascript/dataflow/internal/DataFlowPrivate.qll:48,3-24)
ERROR: Could not resolve module VariableCaptureOutput (/Users/asger/git/code/ql/javascript/ql/lib/semmle/javascript/dataflow/internal/DataFlowPrivate.qll:169,3-24)
ERROR: Could not resolve module VariableCaptureOutput (/Users/asger/git/code/ql/javascript/ql/lib/semmle/javascript/dataflow/internal/VariableCapture.qll:266,43-64)
ERROR: Could not resolve module VariableCaptureOutput (/Users/asger/git/code/ql/javascript/ql/lib/semmle/javascript/dataflow/internal/VariableCapture.qll:267,29-50)
ERROR: Could not resolve module VariableCaptureOutput (/Users/asger/git/code/ql/javascript/ql/lib/semmle/javascript/dataflow/internal/VariableCapture.qll:269,29-50)
ERROR: Could not resolve module VariableCaptureOutput (/Users/asger/git/code/ql/javascript/ql/lib/semmle/javascript/dataflow/internal/VariableCapture.qll:271,38-59)
ERROR: Could not resolve module VariableCaptureOutput (/Users/asger/git/code/ql/javascript/ql/lib/semmle/javascript/dataflow/internal/VariableCapture.qll:275,45-66)
ERROR: Could not resolve module VariableCaptureOutput (/Users/asger/git/code/ql/javascript/ql/lib/semmle/javascript/dataflow/internal/VariableCapture.qll:277,36-57)
ERROR: Could not resolve module VariableCaptureOutput (/Users/asger/git/code/ql/javascript/ql/lib/semmle/javascript/dataflow/internal/VariableCapture.qll:279,18-39)
ERROR: Could not resolve module VariableCaptureOutput (/Users/asger/git/code/ql/javascript/ql/lib/semmle/javascript/dataflow/internal/VariableCapture.qll:282,1-22)
ERROR: Could not resolve module VariableCaptureOutput (/Users/asger/git/code/ql/javascript/ql/lib/semmle/javascript/dataflow/internal/VariableCapture.qll:294,5-26)
ERROR: Could not resolve module VariableCaptureOutput (/Users/asger/git/code/ql/javascript/ql/lib/semmle/javascript/dataflow/internal/VariableCapture.qll:294,47-68)
ERROR: Could not resolve module VariableCaptureOutput (/Users/asger/git/code/ql/javascript/ql/lib/semmle/javascript/dataflow/internal/VariableCapture.qll:296,5-26)
ERROR: Could not resolve module VariableCaptureOutput (/Users/asger/git/code/ql/javascript/ql/lib/semmle/javascript/dataflow/internal/DataFlowPrivate.qll:813,3-24)
ERROR: Could not resolve module VariableCaptureOutput (/Users/asger/git/code/ql/javascript/ql/lib/semmle/javascript/dataflow/internal/DataFlowPrivate.qll:877,5-26)
ERROR: Could not resolve module VariableCaptureOutput (/Users/asger/git/code/ql/javascript/ql/lib/semmle/javascript/dataflow/internal/DataFlowPrivate.qll:922,5-26)
ERROR: Could not resolve module VariableCaptureOutput (/Users/asger/git/code/ql/javascript/ql/lib/semmle/javascript/dataflow/internal/DataFlowPrivate.qll:952,3-24)
ERROR: Could not resolve module VariableCaptureOutput (/Users/asger/git/code/ql/javascript/ql/lib/semmle/javascript/dataflow/internal/DataFlowPrivate.qll:1000,5-26)
ERROR: Could not resolve module semmle.javascript.frameworks.data.internal.AccessPathSyntax (/Users/asger/git/code/ql/javascript/ql/lib/semmle/javascript/dataflow/internal/Contents.qll:2,16-75)
ERROR: Could not resolve module semmle.javascript.frameworks.data.internal.AccessPathSyntax (/Users/asger/git/code/ql/javascript/ql/lib/semmle/javascript/dataflow/internal/FlowSummaryPrivate.qll:12,8-67)
ERROR: Could not resolve predicate edges/2 (/Users/asger/git/code/ql/shared/dataflow/codeql/dataflow/DataFlow.qll:939,49-63)
ERROR: Could not resolve predicate edges/2 (/Users/asger/git/code/ql/shared/dataflow/codeql/dataflow/DataFlow.qll:942,7-19)
ERROR: Could not resolve predicate edges/2 (/Users/asger/git/code/ql/shared/dataflow/codeql/dataflow/DataFlow.qll:1013,9-21)
ERROR: Could not resolve type AccessPath (/Users/asger/git/code/ql/javascript/ql/lib/semmle/javascript/dataflow/internal/sharedlib/FlowSummaryImpl.qll:1100,29-39)
ERROR: Could not resolve type AccessPath (/Users/asger/git/code/ql/javascript/ql/lib/semmle/javascript/dataflow/internal/sharedlib/FlowSummaryImpl.qll:1105,37-47)
ERROR: Could not resolve type AccessPath (/Users/asger/git/code/ql/javascript/ql/lib/semmle/javascript/dataflow/internal/sharedlib/FlowSummaryImpl.qll:1117,7-17)
ERROR: Could not resolve type AccessPath (/Users/asger/git/code/ql/javascript/ql/lib/semmle/javascript/dataflow/internal/sharedlib/FlowSummaryImpl.qll:1133,9-19)
ERROR: Could not resolve type AccessPath (/Users/asger/git/code/ql/javascript/ql/lib/semmle/javascript/dataflow/internal/sharedlib/FlowSummaryImpl.qll:1133,28-38)
ERROR: Could not resolve type AccessPath (/Users/asger/git/code/ql/javascript/ql/lib/semmle/javascript/dataflow/internal/sharedlib/FlowSummaryImpl.qll:1142,48-58)
ERROR: Could not resolve type AccessPath (/Users/asger/git/code/ql/javascript/ql/lib/semmle/javascript/dataflow/internal/sharedlib/FlowSummaryImpl.qll:1142,67-77)
ERROR: Could not resolve type AccessPath (/Users/asger/git/code/ql/javascript/ql/lib/semmle/javascript/dataflow/internal/sharedlib/FlowSummaryImpl.qll:1154,16-26)
ERROR: Could not resolve type AccessPath (/Users/asger/git/code/ql/javascript/ql/lib/semmle/javascript/dataflow/internal/sharedlib/FlowSummaryImpl.qll:1154,35-45)
ERROR: Could not resolve type AccessPath (/Users/asger/git/code/ql/javascript/ql/lib/semmle/javascript/dataflow/internal/sharedlib/FlowSummaryImpl.qll:1171,36-46)
ERROR: Could not resolve type AccessPath (/Users/asger/git/code/ql/javascript/ql/lib/semmle/javascript/dataflow/internal/sharedlib/FlowSummaryImpl.qll:1184,37-47)
ERROR: Could not resolve type AccessPath (/Users/asger/git/code/ql/javascript/ql/lib/semmle/javascript/dataflow/internal/sharedlib/FlowSummaryImpl.qll:1200,59-69)
ERROR: Could not resolve type AccessPath (/Users/asger/git/code/ql/javascript/ql/lib/semmle/javascript/dataflow/internal/sharedlib/FlowSummaryImpl.qll:1209,57-67)
ERROR: Could not resolve type AccessPath (/Users/asger/git/code/ql/javascript/ql/lib/semmle/javascript/dataflow/internal/sharedlib/FlowSummaryImpl.qll:1220,7-17)
ERROR: Could not resolve type AccessPath (/Users/asger/git/code/ql/javascript/ql/lib/semmle/javascript/dataflow/internal/sharedlib/FlowSummaryImpl.qll:1258,38-48)
ERROR: Could not resolve type AccessPath (/Users/asger/git/code/ql/javascript/ql/lib/semmle/javascript/dataflow/internal/sharedlib/FlowSummaryImpl.qll:1296,33-43)
ERROR: Could not resolve type AccessPath (/Users/asger/git/code/ql/javascript/ql/lib/semmle/javascript/dataflow/internal/sharedlib/FlowSummaryImpl.qll:1307,33-43)
ERROR: Could not resolve type AccessPathToken (/Users/asger/git/code/ql/javascript/ql/lib/semmle/javascript/dataflow/internal/sharedlib/FlowSummaryImpl.qll:1058,26-41)
ERROR: Could not resolve type AccessPathToken (/Users/asger/git/code/ql/javascript/ql/lib/semmle/javascript/dataflow/internal/sharedlib/FlowSummaryImpl.qll:1064,24-39)
ERROR: Could not resolve type AccessPathToken (/Users/asger/git/code/ql/javascript/ql/lib/semmle/javascript/dataflow/internal/sharedlib/FlowSummaryImpl.qll:1070,32-47)
ERROR: Could not resolve type AccessPathToken (/Users/asger/git/code/ql/javascript/ql/lib/semmle/javascript/dataflow/internal/sharedlib/FlowSummaryImpl.qll:1079,49-64)
ERROR: Could not resolve type AccessPathToken (/Users/asger/git/code/ql/javascript/ql/lib/semmle/javascript/dataflow/internal/sharedlib/FlowSummaryImpl.qll:1184,54-69)
ERROR: Could not resolve type AccessPathToken (/Users/asger/git/code/ql/javascript/ql/lib/semmle/javascript/dataflow/internal/sharedlib/FlowSummaryImpl.qll:1190,43-58)
ERROR: Could not resolve type AccessPathToken (/Users/asger/git/code/ql/javascript/ql/lib/semmle/javascript/dataflow/internal/sharedlib/FlowSummaryImpl.qll:1195,44-59)
ERROR: Could not resolve type AccessPathToken (/Users/asger/git/code/ql/javascript/ql/lib/semmle/javascript/dataflow/internal/sharedlib/FlowSummaryImpl.qll:1232,33-48)
ERROR: Could not resolve type AccessPathToken (/Users/asger/git/code/ql/javascript/ql/lib/semmle/javascript/dataflow/internal/sharedlib/FlowSummaryImpl.qll:1269,33-48)
ERROR: Could not resolve type Private::AccessPathToken (/Users/asger/git/code/ql/javascript/ql/lib/semmle/javascript/dataflow/internal/FlowSummaryPrivate.qll:101,3-27)
ERROR: Could not resolve type Private::AccessPathToken (/Users/asger/git/code/ql/javascript/ql/lib/semmle/javascript/dataflow/internal/FlowSummaryPrivate.qll:115,3-27)
ERROR: Could not resolve type Private::AccessPathToken (/Users/asger/git/code/ql/javascript/ql/lib/semmle/javascript/dataflow/internal/FlowSummaryPrivate.qll:163,45-69)
ERROR: Default predicate predicate DataFlow::InputSig[DataFlowArg::JSDataFlow]::viableImplInCallContext(DataFlowCall call, DataFlowCall ctx) conflicts with existing declarations: predicate DataFlowPrivate::viableImplInCallContext(DataFlowCall call, DataFlowCall ctx) from DataFlowPrivate.qll:720 (/Users/asger/git/code/ql/javascript/ql/lib/semmle/javascript/dataflow/internal/sharedlib/DataFlowArg.qll:5,30-54)
ERROR: Module PathGraph does not declare edges/4, required by implemented signature PathGraphSig<DeduplicatePathGraph::PathNode>. (/Users/asger/git/code/ql/shared/dataflow/codeql/dataflow/DataFlow.qll:1007,33-55)
ERROR: Predicate getLocation/0 in type BasicBlock in module implementation VariableCaptureConfig of signature InputSig has result type Location, which does not match the expected result type Location (/Users/asger/git/code/ql/javascript/ql/lib/semmle/javascript/Locations.qll:91,12-23)
ERROR: Predicate getLocation/0 in type Callable in module implementation VariableCaptureConfig of signature InputSig has result type Location, which does not match the expected result type Location (/Users/asger/git/code/ql/javascript/ql/lib/semmle/javascript/AST.qll:26,21-32)
ERROR: Predicate getLocation/0 in type CapturedVariable in module implementation VariableCaptureConfig of signature InputSig has result type Location, which does not match the expected result type Location (/Users/asger/git/code/ql/javascript/ql/lib/semmle/javascript/dataflow/internal/VariableCapture.qll:54,9-25)
ERROR: Predicate getLocation/0 in type Expr in module implementation VariableCaptureConfig of signature InputSig has result type Location, which does not match the expected result type Location (/Users/asger/git/code/ql/javascript/ql/lib/semmle/javascript/AST.qll:26,21-32)
ERROR: Predicate getLocation/0 in type VariableWrite in module implementation VariableCaptureConfig of signature InputSig has result type Location, which does not match the expected result type Location (/Users/asger/git/code/ql/javascript/ql/lib/semmle/javascript/dataflow/internal/VariableCapture.qll:190,14-25)
ERROR: The predicate DataFlowPrivate::viableImplInCallContext(DataFlowCall call, DataFlowCall ctx), which was brought into scope by this import, conflicts with existing declarations: predicate DataFlow::InputSig[DataFlowArg::JSDataFlow]::viableImplInCallContext(DataFlowCall call, DataFlowCall ctx) from DataFlow.qll:107 (/Users/asger/git/code/ql/javascript/ql/lib/semmle/javascript/dataflow/internal/sharedlib/DataFlowArg.qll:6,3-17)
ERROR: Wrong number of arguments for parameterised module (expected 2 rather than 1). (/Users/asger/git/code/ql/javascript/ql/lib/semmle/javascript/dataflow/internal/VariableCapture.qll:264,32-59)
