| gen_index_expr.rs:5:5:5:12 | ...[...] | getNumberOfAttrs: | 0 | hasBase: | yes | hasIndex: | yes |
| gen_index_expr.rs:6:5:6:12 | ...[...] | getNumberOfAttrs: | 0 | hasBase: | yes | hasIndex: | yes |
