| .github/workflows/issue_comment_3rd_party_action.yml:16:9:22:2 | Uses Step | Potential unsafe checkout of untrusted pull request on privileged workflow. |
| .github/workflows/issue_comment_3rd_party_action.yml:30:9:36:2 | Uses Step | Potential unsafe checkout of untrusted pull request on privileged workflow. |
| .github/workflows/issue_comment_3rd_party_action.yml:45:9:49:6 | Uses Step | Potential unsafe checkout of untrusted pull request on privileged workflow. |
| .github/workflows/issue_comment_3rd_party_action.yml:49:9:52:25 | Uses Step | Potential unsafe checkout of untrusted pull request on privileged workflow. |
| .github/workflows/issue_comment_direct.yml:12:9:16:2 | Uses Step | Potential unsafe checkout of untrusted pull request on privileged workflow. |
| .github/workflows/issue_comment_direct.yml:20:9:24:2 | Uses Step | Potential unsafe checkout of untrusted pull request on privileged workflow. |
| .github/workflows/issue_comment_direct.yml:28:9:32:2 | Uses Step | Potential unsafe checkout of untrusted pull request on privileged workflow. |
| .github/workflows/issue_comment_direct.yml:35:9:40:2 | Uses Step | Potential unsafe checkout of untrusted pull request on privileged workflow. |
| .github/workflows/issue_comment_direct.yml:43:9:46:126 | Uses Step | Potential unsafe checkout of untrusted pull request on privileged workflow. |
| .github/workflows/issue_comment_heuristic.yml:28:9:33:2 | Uses Step | Potential unsafe checkout of untrusted pull request on privileged workflow. |
| .github/workflows/issue_comment_heuristic.yml:48:7:50:46 | Uses Step | Potential unsafe checkout of untrusted pull request on privileged workflow. |
| .github/workflows/issue_comment_octokit.yml:26:9:30:6 | Uses Step | Potential unsafe checkout of untrusted pull request on privileged workflow. |
| .github/workflows/issue_comment_octokit.yml:30:9:35:2 | Uses Step | Potential unsafe checkout of untrusted pull request on privileged workflow. |
| .github/workflows/issue_comment_octokit.yml:57:9:62:2 | Uses Step | Potential unsafe checkout of untrusted pull request on privileged workflow. |
| .github/workflows/issue_comment_octokit.yml:79:9:83:2 | Uses Step | Potential unsafe checkout of untrusted pull request on privileged workflow. |
| .github/workflows/issue_comment_octokit.yml:95:9:100:2 | Uses Step | Potential unsafe checkout of untrusted pull request on privileged workflow. |
| .github/workflows/issue_comment_octokit.yml:109:9:114:66 | Uses Step | Potential unsafe checkout of untrusted pull request on privileged workflow. |
| .github/workflows/untrusted_checkout2.yml:14:9:19:72 | Run Step | Potential unsafe checkout of untrusted pull request on privileged workflow. |
| .github/workflows/workflow_run_untrusted_checkout.yml:13:9:16:6 | Uses Step | Potential unsafe checkout of untrusted pull request on privileged workflow. |
| .github/workflows/workflow_run_untrusted_checkout.yml:16:9:18:31 | Uses Step | Potential unsafe checkout of untrusted pull request on privileged workflow. |
