edges
| .github/actions/dangerous-git-checkout/action.yml:6:7:11:4 | Uses Step | .github/actions/dangerous-git-checkout/action.yml:11:7:12:18 | Run Step |
| .github/actions/dangerous-git-checkout/action.yml:11:7:12:18 | Run Step | .github/workflows/untrusted_checkout3.yml:13:9:13:23 | Run Step |
| .github/workflows/actor_trusted_checkout.yml:9:7:14:4 | Uses Step | .github/workflows/actor_trusted_checkout.yml:14:7:15:4 | Uses Step |
| .github/workflows/actor_trusted_checkout.yml:14:7:15:4 | Uses Step | .github/workflows/actor_trusted_checkout.yml:15:7:19:4 | Run Step |
| .github/workflows/actor_trusted_checkout.yml:15:7:19:4 | Run Step | .github/workflows/actor_trusted_checkout.yml:19:7:23:4 | Uses Step |
| .github/workflows/actor_trusted_checkout.yml:19:7:23:4 | Uses Step | .github/workflows/actor_trusted_checkout.yml:23:7:26:21 | Uses Step |
| .github/workflows/artifactpoisoning11.yml:13:9:32:6 | Uses Step | .github/workflows/artifactpoisoning11.yml:32:9:36:6 | Run Step |
| .github/workflows/artifactpoisoning11.yml:32:9:36:6 | Run Step | .github/workflows/artifactpoisoning11.yml:36:9:38:78 | Run Step |
| .github/workflows/artifactpoisoning12.yml:13:9:32:6 | Uses Step | .github/workflows/artifactpoisoning12.yml:32:9:36:6 | Run Step |
| .github/workflows/artifactpoisoning12.yml:32:9:36:6 | Run Step | .github/workflows/artifactpoisoning12.yml:36:9:38:26 | Run Step |
| .github/workflows/artifactpoisoning21.yml:13:9:18:6 | Uses Step | .github/workflows/artifactpoisoning21.yml:18:9:20:21 | Run Step |
| .github/workflows/artifactpoisoning22.yml:13:9:17:6 | Uses Step | .github/workflows/artifactpoisoning22.yml:17:9:18:20 | Run Step |
| .github/workflows/artifactpoisoning31.yml:13:9:15:6 | Run Step | .github/workflows/artifactpoisoning31.yml:15:9:18:6 | Run Step |
| .github/workflows/artifactpoisoning31.yml:15:9:18:6 | Run Step | .github/workflows/artifactpoisoning31.yml:18:9:19:23 | Run Step |
| .github/workflows/artifactpoisoning32.yml:13:9:16:6 | Run Step | .github/workflows/artifactpoisoning32.yml:16:9:18:20 | Run Step |
| .github/workflows/artifactpoisoning33.yml:13:9:16:6 | Run Step | .github/workflows/artifactpoisoning33.yml:16:9:18:20 | Run Step |
| .github/workflows/artifactpoisoning34.yml:13:9:16:6 | Run Step | .github/workflows/artifactpoisoning34.yml:16:9:20:6 | Uses Step |
| .github/workflows/artifactpoisoning34.yml:16:9:20:6 | Uses Step | .github/workflows/artifactpoisoning34.yml:20:9:22:23 | Run Step |
| .github/workflows/artifactpoisoning41.yml:13:9:21:6 | Run Step | .github/workflows/artifactpoisoning41.yml:21:9:22:23 | Run Step |
| .github/workflows/artifactpoisoning42.yml:13:9:21:6 | Run Step | .github/workflows/artifactpoisoning42.yml:21:9:22:19 | Run Step |
| .github/workflows/artifactpoisoning51.yml:13:9:15:6 | Run Step | .github/workflows/artifactpoisoning51.yml:15:9:18:6 | Run Step |
| .github/workflows/artifactpoisoning51.yml:15:9:18:6 | Run Step | .github/workflows/artifactpoisoning51.yml:18:9:20:57 | Run Step |
| .github/workflows/artifactpoisoning52.yml:13:9:15:6 | Run Step | .github/workflows/artifactpoisoning52.yml:15:9:18:6 | Run Step |
| .github/workflows/artifactpoisoning52.yml:15:9:18:6 | Run Step | .github/workflows/artifactpoisoning52.yml:18:9:23:40 | Run Step |
| .github/workflows/artifactpoisoning53.yml:13:9:15:6 | Run Step | .github/workflows/artifactpoisoning53.yml:15:9:18:6 | Run Step |
| .github/workflows/artifactpoisoning53.yml:15:9:18:6 | Run Step | .github/workflows/artifactpoisoning53.yml:18:9:23:29 | Run Step |
| .github/workflows/artifactpoisoning71.yml:9:9:16:6 | Uses Step | .github/workflows/artifactpoisoning71.yml:16:9:18:40 | Run Step |
| .github/workflows/artifactpoisoning81.yml:11:9:14:6 | Uses Step | .github/workflows/artifactpoisoning81.yml:14:9:16:6 | Run Step |
| .github/workflows/artifactpoisoning81.yml:14:9:16:6 | Run Step | .github/workflows/artifactpoisoning81.yml:16:9:22:2 | Uses Step |
| .github/workflows/artifactpoisoning81.yml:28:9:31:6 | Uses Step | .github/workflows/artifactpoisoning81.yml:31:9:31:28 | Run Step |
| .github/workflows/artifactpoisoning82.yml:11:9:14:6 | Uses Step | .github/workflows/artifactpoisoning82.yml:14:9:16:6 | Run Step |
| .github/workflows/artifactpoisoning82.yml:14:9:16:6 | Run Step | .github/workflows/artifactpoisoning82.yml:16:9:22:2 | Uses Step |
| .github/workflows/artifactpoisoning82.yml:28:9:31:6 | Uses Step | .github/workflows/artifactpoisoning82.yml:31:9:31:28 | Run Step |
| .github/workflows/auto_ci.yml:20:9:27:6 | Uses Step | .github/workflows/auto_ci.yml:27:9:32:6 | Uses Step |
| .github/workflows/auto_ci.yml:27:9:32:6 | Uses Step | .github/workflows/auto_ci.yml:32:9:37:6 | Run Step |
| .github/workflows/auto_ci.yml:32:9:37:6 | Run Step | .github/workflows/auto_ci.yml:37:9:40:6 | Run Step |
| .github/workflows/auto_ci.yml:37:9:40:6 | Run Step | .github/workflows/auto_ci.yml:40:9:44:6 | Run Step |
| .github/workflows/auto_ci.yml:40:9:44:6 | Run Step | .github/workflows/auto_ci.yml:44:9:48:6 | Run Step |
| .github/workflows/auto_ci.yml:44:9:48:6 | Run Step | .github/workflows/auto_ci.yml:48:9:52:2 | Run Step |
| .github/workflows/auto_ci.yml:67:9:74:6 | Uses Step | .github/workflows/auto_ci.yml:74:9:79:6 | Uses Step |
| .github/workflows/auto_ci.yml:74:9:79:6 | Uses Step | .github/workflows/auto_ci.yml:79:9:84:6 | Run Step |
| .github/workflows/auto_ci.yml:79:9:84:6 | Run Step | .github/workflows/auto_ci.yml:84:9:93:6 | Run Step |
| .github/workflows/auto_ci.yml:84:9:93:6 | Run Step | .github/workflows/auto_ci.yml:93:9:96:6 | Uses Step |
| .github/workflows/auto_ci.yml:93:9:96:6 | Uses Step | .github/workflows/auto_ci.yml:96:9:108:6 | Run Step: stage_files |
| .github/workflows/auto_ci.yml:96:9:108:6 | Run Step: stage_files | .github/workflows/auto_ci.yml:108:9:119:6 | Uses Step: create_pr |
| .github/workflows/auto_ci.yml:108:9:119:6 | Uses Step: create_pr | .github/workflows/auto_ci.yml:119:9:125:6 | Run Step |
| .github/workflows/auto_ci.yml:119:9:125:6 | Run Step | .github/workflows/auto_ci.yml:125:9:133:6 | Uses Step |
| .github/workflows/auto_ci.yml:125:9:133:6 | Uses Step | .github/workflows/auto_ci.yml:133:9:135:20 | Run Step |
| .github/workflows/dependabot1.yml:15:9:19:6 | Uses Step | .github/workflows/dependabot1.yml:19:9:23:6 | Run Step: nvm |
| .github/workflows/dependabot1.yml:19:9:23:6 | Run Step: nvm | .github/workflows/dependabot1.yml:23:9:28:6 | Uses Step |
| .github/workflows/dependabot1.yml:23:9:28:6 | Uses Step | .github/workflows/dependabot1.yml:28:9:31:6 | Run Step |
| .github/workflows/dependabot1.yml:28:9:31:6 | Run Step | .github/workflows/dependabot1.yml:31:9:34:6 | Run Step |
| .github/workflows/dependabot1.yml:31:9:34:6 | Run Step | .github/workflows/dependabot1.yml:34:9:36:2 | Run Step |
| .github/workflows/dependabot1.yml:39:9:43:6 | Uses Step | .github/workflows/dependabot1.yml:43:9:45:29 | Uses Step |
| .github/workflows/dependabot2.yml:33:9:38:6 | Uses Step | .github/workflows/dependabot2.yml:38:9:42:6 | Run Step: nvm |
| .github/workflows/dependabot2.yml:38:9:42:6 | Run Step: nvm | .github/workflows/dependabot2.yml:42:9:47:6 | Uses Step |
| .github/workflows/dependabot2.yml:42:9:47:6 | Uses Step | .github/workflows/dependabot2.yml:47:9:52:6 | Run Step |
| .github/workflows/dependabot2.yml:47:9:52:6 | Run Step | .github/workflows/dependabot2.yml:52:9:58:6 | Run Step |
| .github/workflows/dependabot2.yml:52:9:58:6 | Run Step | .github/workflows/dependabot2.yml:58:9:61:6 | Run Step |
| .github/workflows/dependabot2.yml:58:9:61:6 | Run Step | .github/workflows/dependabot2.yml:61:9:68:19 | Run Step |
| .github/workflows/dependabot3.yml:15:9:20:6 | Uses Step | .github/workflows/dependabot3.yml:20:9:25:6 | Uses Step |
| .github/workflows/dependabot3.yml:20:9:25:6 | Uses Step | .github/workflows/dependabot3.yml:25:9:48:6 | Run Step: set-milestone |
| .github/workflows/dependabot3.yml:25:9:48:6 | Run Step: set-milestone | .github/workflows/dependabot3.yml:48:9:52:57 | Run Step |
| .github/workflows/gitcheckout.yml:10:11:18:8 | Run Step | .github/workflows/gitcheckout.yml:18:11:21:8 | Uses Step |
| .github/workflows/gitcheckout.yml:18:11:21:8 | Uses Step | .github/workflows/gitcheckout.yml:21:11:23:22 | Run Step |
| .github/workflows/issue_comment_3rd_party_action.yml:12:9:16:6 | Uses Step: comment-branch | .github/workflows/issue_comment_3rd_party_action.yml:16:9:22:2 | Uses Step |
| .github/workflows/issue_comment_3rd_party_action.yml:25:9:30:6 | Uses Step: comment-branch | .github/workflows/issue_comment_3rd_party_action.yml:30:9:36:2 | Uses Step |
| .github/workflows/issue_comment_3rd_party_action.yml:39:9:45:6 | Uses Step: refs | .github/workflows/issue_comment_3rd_party_action.yml:45:9:49:6 | Uses Step |
| .github/workflows/issue_comment_3rd_party_action.yml:45:9:49:6 | Uses Step | .github/workflows/issue_comment_3rd_party_action.yml:49:9:52:25 | Uses Step |
| .github/workflows/issue_comment_heuristic.yml:11:9:24:6 | Uses Step: get-pr-info | .github/workflows/issue_comment_heuristic.yml:24:9:28:6 | Run Step: get-sha |
| .github/workflows/issue_comment_heuristic.yml:24:9:28:6 | Run Step: get-sha | .github/workflows/issue_comment_heuristic.yml:28:9:33:2 | Uses Step |
| .github/workflows/issue_comment_heuristic.yml:37:7:48:4 | Run Step: vars | .github/workflows/issue_comment_heuristic.yml:48:7:50:46 | Uses Step |
| .github/workflows/issue_comment_octokit.yml:12:9:19:6 | Uses Step: fetch_issue | .github/workflows/issue_comment_octokit.yml:19:9:26:6 | Uses Step: fetch_pr |
| .github/workflows/issue_comment_octokit.yml:19:9:26:6 | Uses Step: fetch_pr | .github/workflows/issue_comment_octokit.yml:26:9:30:6 | Uses Step |
| .github/workflows/issue_comment_octokit.yml:26:9:30:6 | Uses Step | .github/workflows/issue_comment_octokit.yml:30:9:35:2 | Uses Step |
| .github/workflows/issue_comment_octokit.yml:38:9:52:6 | Uses Step: get-pr-info | .github/workflows/issue_comment_octokit.yml:52:9:57:6 | Run Step: get-sha |
| .github/workflows/issue_comment_octokit.yml:52:9:57:6 | Run Step: get-sha | .github/workflows/issue_comment_octokit.yml:57:9:62:2 | Uses Step |
| .github/workflows/issue_comment_octokit.yml:66:9:79:6 | Uses Step: sha | .github/workflows/issue_comment_octokit.yml:79:9:83:2 | Uses Step |
| .github/workflows/issue_comment_octokit.yml:87:9:95:6 | Uses Step: sha | .github/workflows/issue_comment_octokit.yml:95:9:100:2 | Uses Step |
| .github/workflows/issue_comment_octokit.yml:103:9:109:6 | Uses Step: request | .github/workflows/issue_comment_octokit.yml:109:9:114:66 | Uses Step |
| .github/workflows/label_trusted_checkout.yml:11:7:15:4 | Uses Step | .github/workflows/label_trusted_checkout.yml:15:7:16:4 | Uses Step |
| .github/workflows/label_trusted_checkout.yml:15:7:16:4 | Uses Step | .github/workflows/label_trusted_checkout.yml:16:7:20:4 | Run Step |
| .github/workflows/label_trusted_checkout.yml:16:7:20:4 | Run Step | .github/workflows/label_trusted_checkout.yml:20:7:24:4 | Uses Step |
| .github/workflows/label_trusted_checkout.yml:20:7:24:4 | Uses Step | .github/workflows/label_trusted_checkout.yml:24:7:27:21 | Uses Step |
| .github/workflows/level0.yml:33:9:36:6 | Uses Step | .github/workflows/level0.yml:36:9:39:6 | Uses Step |
| .github/workflows/level0.yml:36:9:39:6 | Uses Step | .github/workflows/level0.yml:39:9:52:2 | Run Step: check_profanities |
| .github/workflows/level0.yml:62:9:65:6 | Uses Step | .github/workflows/level0.yml:65:9:86:2 | Uses Step |
| .github/workflows/level0.yml:96:9:99:6 | Uses Step | .github/workflows/level0.yml:99:9:103:6 | Uses Step |
| .github/workflows/level0.yml:99:9:103:6 | Uses Step | .github/workflows/level0.yml:103:9:107:6 | Uses Step |
| .github/workflows/level0.yml:103:9:107:6 | Uses Step | .github/workflows/level0.yml:107:9:112:2 | Run Step |
| .github/workflows/level0.yml:122:9:125:6 | Uses Step | .github/workflows/level0.yml:125:9:129:6 | Uses Step |
| .github/workflows/level0.yml:125:9:129:6 | Uses Step | .github/workflows/level0.yml:129:9:133:6 | Uses Step |
| .github/workflows/level0.yml:129:9:133:6 | Uses Step | .github/workflows/level0.yml:133:9:135:23 | Run Step |
| .github/workflows/mend.yml:13:9:22:6 | Run Step: set_ref | .github/workflows/mend.yml:22:9:29:6 | Uses Step |
| .github/workflows/mend.yml:22:9:29:6 | Uses Step | .github/workflows/mend.yml:29:9:33:28 | Uses Step |
| .github/workflows/poc2.yml:28:9:37:6 | Uses Step: branch-deploy | .github/workflows/poc2.yml:37:9:42:6 | Uses Step |
| .github/workflows/poc2.yml:37:9:42:6 | Uses Step | .github/workflows/poc2.yml:42:9:47:6 | Uses Step |
| .github/workflows/poc2.yml:42:9:47:6 | Uses Step | .github/workflows/poc2.yml:47:9:52:6 | Run Step |
| .github/workflows/poc2.yml:47:9:52:6 | Run Step | .github/workflows/poc2.yml:52:9:58:24 | Run Step |
| .github/workflows/poc3.yml:18:7:25:4 | Uses Step | .github/workflows/poc3.yml:25:7:31:4 | Uses Step |
| .github/workflows/poc3.yml:25:7:31:4 | Uses Step | .github/workflows/poc3.yml:31:7:33:4 | Uses Step |
| .github/workflows/poc3.yml:31:7:33:4 | Uses Step | .github/workflows/poc3.yml:33:7:38:4 | Uses Step |
| .github/workflows/poc3.yml:33:7:38:4 | Uses Step | .github/workflows/poc3.yml:38:7:40:4 | Run Step |
| .github/workflows/poc3.yml:38:7:40:4 | Run Step | .github/workflows/poc3.yml:40:7:41:4 | Run Step |
| .github/workflows/poc3.yml:40:7:41:4 | Run Step | .github/workflows/poc3.yml:41:7:42:4 | Run Step |
| .github/workflows/poc3.yml:41:7:42:4 | Run Step | .github/workflows/poc3.yml:42:7:43:4 | Run Step |
| .github/workflows/poc3.yml:42:7:43:4 | Run Step | .github/workflows/poc3.yml:43:7:48:2 | Uses Step |
| .github/workflows/poc.yml:30:9:36:6 | Uses Step | .github/workflows/poc.yml:36:9:38:6 | Uses Step |
| .github/workflows/poc.yml:36:9:38:6 | Uses Step | .github/workflows/poc.yml:38:9:43:6 | Uses Step |
| .github/workflows/poc.yml:38:9:43:6 | Uses Step | .github/workflows/poc.yml:43:9:47:2 | Uses Step |
| .github/workflows/pr-workflow.yml:57:9:60:6 | Uses Step | .github/workflows/pr-workflow.yml:60:9:70:6 | Uses Step |
| .github/workflows/pr-workflow.yml:60:9:70:6 | Uses Step | .github/workflows/pr-workflow.yml:70:9:78:6 | Uses Step |
| .github/workflows/pr-workflow.yml:70:9:78:6 | Uses Step | .github/workflows/pr-workflow.yml:78:9:81:2 | Run Step: ok |
| .github/workflows/pr-workflow.yml:103:9:109:6 | Uses Step | .github/workflows/pr-workflow.yml:109:9:124:6 | Uses Step |
| .github/workflows/pr-workflow.yml:109:9:124:6 | Uses Step | .github/workflows/pr-workflow.yml:124:9:126:2 | Run Step |
| .github/workflows/pr-workflow.yml:139:9:144:6 | Uses Step | .github/workflows/pr-workflow.yml:144:9:147:6 | Uses Step |
| .github/workflows/pr-workflow.yml:144:9:147:6 | Uses Step | .github/workflows/pr-workflow.yml:147:9:148:6 | Uses Step |
| .github/workflows/pr-workflow.yml:147:9:148:6 | Uses Step | .github/workflows/pr-workflow.yml:148:9:154:6 | Uses Step |
| .github/workflows/pr-workflow.yml:148:9:154:6 | Uses Step | .github/workflows/pr-workflow.yml:154:9:158:6 | Run Step |
| .github/workflows/pr-workflow.yml:154:9:158:6 | Run Step | .github/workflows/pr-workflow.yml:158:9:196:2 | Run Step: ok |
| .github/workflows/pr-workflow.yml:209:9:216:6 | Uses Step | .github/workflows/pr-workflow.yml:216:9:222:6 | Uses Step |
| .github/workflows/pr-workflow.yml:216:9:222:6 | Uses Step | .github/workflows/pr-workflow.yml:222:9:227:6 | Uses Step |
| .github/workflows/pr-workflow.yml:222:9:227:6 | Uses Step | .github/workflows/pr-workflow.yml:227:9:230:2 | Run Step: ok |
| .github/workflows/pr-workflow.yml:243:9:250:6 | Uses Step | .github/workflows/pr-workflow.yml:250:9:256:6 | Uses Step |
| .github/workflows/pr-workflow.yml:250:9:256:6 | Uses Step | .github/workflows/pr-workflow.yml:256:9:261:6 | Uses Step |
| .github/workflows/pr-workflow.yml:256:9:261:6 | Uses Step | .github/workflows/pr-workflow.yml:261:9:265:2 | Run Step: ok |
| .github/workflows/pr-workflow.yml:277:9:284:6 | Uses Step | .github/workflows/pr-workflow.yml:284:9:290:6 | Uses Step |
| .github/workflows/pr-workflow.yml:284:9:290:6 | Uses Step | .github/workflows/pr-workflow.yml:290:9:295:6 | Uses Step |
| .github/workflows/pr-workflow.yml:290:9:295:6 | Uses Step | .github/workflows/pr-workflow.yml:295:9:298:2 | Run Step: ok |
| .github/workflows/pr-workflow.yml:309:9:314:6 | Run Step | .github/workflows/pr-workflow.yml:314:9:318:6 | Run Step |
| .github/workflows/pr-workflow.yml:314:9:318:6 | Run Step | .github/workflows/pr-workflow.yml:318:9:323:2 | Run Step |
| .github/workflows/pr-workflow.yml:337:9:343:6 | Uses Step | .github/workflows/pr-workflow.yml:343:9:346:6 | Uses Step |
| .github/workflows/pr-workflow.yml:343:9:346:6 | Uses Step | .github/workflows/pr-workflow.yml:346:9:351:6 | Uses Step |
| .github/workflows/pr-workflow.yml:346:9:351:6 | Uses Step | .github/workflows/pr-workflow.yml:351:9:355:6 | Run Step |
| .github/workflows/pr-workflow.yml:351:9:355:6 | Run Step | .github/workflows/pr-workflow.yml:355:9:369:2 | Uses Step |
| .github/workflows/pr-workflow.yml:380:9:386:6 | Uses Step | .github/workflows/pr-workflow.yml:386:9:391:6 | Uses Step |
| .github/workflows/pr-workflow.yml:386:9:391:6 | Uses Step | .github/workflows/pr-workflow.yml:391:9:395:6 | Uses Step |
| .github/workflows/pr-workflow.yml:391:9:395:6 | Uses Step | .github/workflows/pr-workflow.yml:395:9:404:6 | Uses Step |
| .github/workflows/pr-workflow.yml:395:9:404:6 | Uses Step | .github/workflows/pr-workflow.yml:404:9:414:6 | Uses Step |
| .github/workflows/pr-workflow.yml:404:9:414:6 | Uses Step | .github/workflows/pr-workflow.yml:414:9:423:6 | Uses Step |
| .github/workflows/pr-workflow.yml:414:9:423:6 | Uses Step | .github/workflows/pr-workflow.yml:423:9:432:2 | Uses Step |
| .github/workflows/pr-workflow.yml:444:9:449:6 | Uses Step | .github/workflows/pr-workflow.yml:449:9:452:6 | Uses Step |
| .github/workflows/pr-workflow.yml:449:9:452:6 | Uses Step | .github/workflows/pr-workflow.yml:452:9:453:6 | Uses Step |
| .github/workflows/pr-workflow.yml:452:9:453:6 | Uses Step | .github/workflows/pr-workflow.yml:453:9:459:6 | Uses Step |
| .github/workflows/pr-workflow.yml:453:9:459:6 | Uses Step | .github/workflows/pr-workflow.yml:459:9:462:6 | Run Step |
| .github/workflows/pr-workflow.yml:459:9:462:6 | Run Step | .github/workflows/pr-workflow.yml:462:9:463:48 | Run Step: ok |
| .github/workflows/priv_pull_request_checkout.yml:14:9:20:6 | Uses Step | .github/workflows/priv_pull_request_checkout.yml:20:9:23:52 | Run Step |
| .github/workflows/test1.yml:18:9:21:6 | Uses Step | .github/workflows/test1.yml:21:9:24:6 | Run Step |
| .github/workflows/test1.yml:21:9:24:6 | Run Step | .github/workflows/test1.yml:24:9:25:39 | Run Step |
| .github/workflows/test2.yml:13:9:16:6 | Uses Step | .github/workflows/test2.yml:16:9:20:52 | Uses Step |
| .github/workflows/test3.yml:28:9:33:6 | Uses Step | .github/workflows/test3.yml:33:9:35:6 | Run Step |
| .github/workflows/test3.yml:33:9:35:6 | Run Step | .github/workflows/test3.yml:35:9:41:63 | Uses Step |
| .github/workflows/test4.yml:18:7:25:4 | Uses Step | .github/workflows/test4.yml:25:7:31:4 | Uses Step |
| .github/workflows/test4.yml:25:7:31:4 | Uses Step | .github/workflows/test4.yml:31:7:33:4 | Uses Step |
| .github/workflows/test4.yml:31:7:33:4 | Uses Step | .github/workflows/test4.yml:33:7:38:4 | Uses Step |
| .github/workflows/test4.yml:33:7:38:4 | Uses Step | .github/workflows/test4.yml:38:7:40:4 | Run Step |
| .github/workflows/test4.yml:38:7:40:4 | Run Step | .github/workflows/test4.yml:40:7:41:4 | Run Step |
| .github/workflows/test4.yml:40:7:41:4 | Run Step | .github/workflows/test4.yml:41:7:42:4 | Run Step |
| .github/workflows/test4.yml:41:7:42:4 | Run Step | .github/workflows/test4.yml:42:7:43:4 | Run Step |
| .github/workflows/test4.yml:42:7:43:4 | Run Step | .github/workflows/test4.yml:43:7:46:39 | Uses Step |
| .github/workflows/test5.yml:13:9:28:6 | Uses Step: issue | .github/workflows/test5.yml:28:9:32:6 | Uses Step |
| .github/workflows/test5.yml:28:9:32:6 | Uses Step | .github/workflows/test5.yml:32:9:34:2 | Run Step |
| .github/workflows/test5.yml:39:9:54:6 | Uses Step: issue | .github/workflows/test5.yml:54:9:58:6 | Uses Step |
| .github/workflows/test5.yml:54:9:58:6 | Uses Step | .github/workflows/test5.yml:58:9:60:2 | Run Step |
| .github/workflows/test5.yml:64:9:68:6 | Uses Step | .github/workflows/test5.yml:68:9:68:43 | Run Step |
| .github/workflows/test6.yml:19:9:39:6 | Uses Step | .github/workflows/test6.yml:39:9:43:6 | Run Step |
| .github/workflows/test6.yml:39:9:43:6 | Run Step | .github/workflows/test6.yml:43:9:45:52 | Run Step |
| .github/workflows/test7.yml:19:9:24:6 | Uses Step | .github/workflows/test7.yml:24:9:27:6 | Uses Step |
| .github/workflows/test7.yml:24:9:27:6 | Uses Step | .github/workflows/test7.yml:27:9:33:6 | Uses Step |
| .github/workflows/test7.yml:27:9:33:6 | Uses Step | .github/workflows/test7.yml:33:9:36:6 | Run Step |
| .github/workflows/test7.yml:33:9:36:6 | Run Step | .github/workflows/test7.yml:36:9:39:6 | Run Step |
| .github/workflows/test7.yml:36:9:39:6 | Run Step | .github/workflows/test7.yml:39:9:49:6 | Run Step: bench-command |
| .github/workflows/test7.yml:39:9:49:6 | Run Step: bench-command | .github/workflows/test7.yml:49:9:58:20 | Run Step: benchmark-pr |
| .github/workflows/test8.yml:20:9:26:6 | Uses Step | .github/workflows/test8.yml:26:9:29:2 | Run Step |
| .github/workflows/test9.yml:11:9:16:6 | Uses Step | .github/workflows/test9.yml:16:9:17:48 | Run Step |
| .github/workflows/test10.yml:20:9:25:6 | Uses Step | .github/workflows/test10.yml:25:9:30:2 | Run Step |
| .github/workflows/test11.yml:30:7:45:4 | Run Step | .github/workflows/test11.yml:45:7:84:4 | Run Step: environment |
| .github/workflows/test11.yml:45:7:84:4 | Run Step: environment | .github/workflows/test11.yml:84:7:90:4 | Uses Step |
| .github/workflows/test11.yml:84:7:90:4 | Uses Step | .github/workflows/test11.yml:90:7:93:54 | Uses Step |
| .github/workflows/test12.yml:32:7:47:4 | Run Step | .github/workflows/test12.yml:47:7:86:4 | Run Step: environment |
| .github/workflows/test12.yml:47:7:86:4 | Run Step: environment | .github/workflows/test12.yml:86:7:92:4 | Uses Step |
| .github/workflows/test12.yml:86:7:92:4 | Uses Step | .github/workflows/test12.yml:92:7:95:54 | Uses Step |
| .github/workflows/test13.yml:14:7:20:4 | Uses Step | .github/workflows/test13.yml:20:7:25:4 | Uses Step |
| .github/workflows/test13.yml:20:7:25:4 | Uses Step | .github/workflows/test13.yml:25:7:28:4 | Uses Step |
| .github/workflows/test13.yml:25:7:28:4 | Uses Step | .github/workflows/test13.yml:28:7:31:50 | Run Step |
| .github/workflows/test.yml:13:9:14:6 | Uses Step | .github/workflows/test.yml:14:9:25:6 | Run Step |
| .github/workflows/test.yml:14:9:25:6 | Run Step | .github/workflows/test.yml:25:9:33:6 | Run Step |
| .github/workflows/test.yml:25:9:33:6 | Run Step | .github/workflows/test.yml:33:9:37:34 | Run Step |
| .github/workflows/unpinned_tags.yml:9:7:10:4 | Uses Step | .github/workflows/unpinned_tags.yml:10:7:11:4 | Uses Step |
| .github/workflows/unpinned_tags.yml:10:7:11:4 | Uses Step | .github/workflows/unpinned_tags.yml:11:7:11:61 | Uses Step |
| .github/workflows/untrusted_checkout2.yml:7:9:14:6 | Run Step: pr_number | .github/workflows/untrusted_checkout2.yml:14:9:19:72 | Run Step |
| .github/workflows/untrusted_checkout3.yml:11:9:12:6 | Uses Step | .github/workflows/untrusted_checkout3.yml:12:9:13:6 | Uses Step |
| .github/workflows/untrusted_checkout3.yml:12:9:13:6 | Uses Step | .github/actions/dangerous-git-checkout/action.yml:6:7:11:4 | Uses Step |
| .github/workflows/untrusted_checkout3.yml:12:9:13:6 | Uses Step | .github/workflows/untrusted_checkout3.yml:13:9:13:23 | Run Step |
| .github/workflows/untrusted_checkout4.yml:12:7:13:4 | Uses Step | .github/workflows/untrusted_checkout4.yml:13:7:32:2 | Uses Step |
| .github/workflows/untrusted_checkout4.yml:37:7:55:4 | Uses Step: get-pr | .github/workflows/untrusted_checkout4.yml:55:7:61:4 | Uses Step |
| .github/workflows/untrusted_checkout4.yml:55:7:61:4 | Uses Step | .github/workflows/untrusted_checkout4.yml:61:7:67:4 | Run Step |
| .github/workflows/untrusted_checkout4.yml:61:7:67:4 | Run Step | .github/workflows/untrusted_checkout4.yml:67:7:73:4 | Run Step |
| .github/workflows/untrusted_checkout4.yml:67:7:73:4 | Run Step | .github/workflows/untrusted_checkout4.yml:73:7:79:4 | Run Step |
| .github/workflows/untrusted_checkout4.yml:73:7:79:4 | Run Step | .github/workflows/untrusted_checkout4.yml:79:7:91:4 | Uses Step |
| .github/workflows/untrusted_checkout4.yml:79:7:91:4 | Uses Step | .github/workflows/untrusted_checkout4.yml:91:7:100:9 | Run Step |
| .github/workflows/untrusted_checkout.yml:10:9:13:6 | Uses Step | .github/workflows/untrusted_checkout.yml:13:9:16:6 | Uses Step |
| .github/workflows/untrusted_checkout.yml:13:9:16:6 | Uses Step | .github/workflows/untrusted_checkout.yml:16:9:20:6 | Uses Step |
| .github/workflows/untrusted_checkout.yml:16:9:20:6 | Uses Step | .github/workflows/untrusted_checkout.yml:20:9:22:23 | Run Step |
| .github/workflows/workflow_run_untrusted_checkout.yml:13:9:16:6 | Uses Step | .github/workflows/workflow_run_untrusted_checkout.yml:16:9:18:31 | Uses Step |
#select
| .github/workflows/auto_ci.yml:32:9:37:6 | Run Step | .github/workflows/auto_ci.yml:20:9:27:6 | Uses Step | .github/workflows/auto_ci.yml:32:9:37:6 | Run Step | Execution of untrusted code on a privileged workflow. |
| .github/workflows/auto_ci.yml:48:9:52:2 | Run Step | .github/workflows/auto_ci.yml:20:9:27:6 | Uses Step | .github/workflows/auto_ci.yml:48:9:52:2 | Run Step | Execution of untrusted code on a privileged workflow. |
| .github/workflows/auto_ci.yml:79:9:84:6 | Run Step | .github/workflows/auto_ci.yml:67:9:74:6 | Uses Step | .github/workflows/auto_ci.yml:79:9:84:6 | Run Step | Execution of untrusted code on a privileged workflow. |
| .github/workflows/auto_ci.yml:84:9:93:6 | Run Step | .github/workflows/auto_ci.yml:67:9:74:6 | Uses Step | .github/workflows/auto_ci.yml:84:9:93:6 | Run Step | Execution of untrusted code on a privileged workflow. |
| .github/workflows/dependabot3.yml:25:9:48:6 | Run Step: set-milestone | .github/workflows/dependabot3.yml:15:9:20:6 | Uses Step | .github/workflows/dependabot3.yml:25:9:48:6 | Run Step: set-milestone | Execution of untrusted code on a privileged workflow. |
| .github/workflows/gitcheckout.yml:21:11:23:22 | Run Step | .github/workflows/gitcheckout.yml:10:11:18:8 | Run Step | .github/workflows/gitcheckout.yml:21:11:23:22 | Run Step | Execution of untrusted code on a privileged workflow. |
| .github/workflows/level0.yml:107:9:112:2 | Run Step | .github/workflows/level0.yml:99:9:103:6 | Uses Step | .github/workflows/level0.yml:107:9:112:2 | Run Step | Execution of untrusted code on a privileged workflow. |
| .github/workflows/level0.yml:133:9:135:23 | Run Step | .github/workflows/level0.yml:125:9:129:6 | Uses Step | .github/workflows/level0.yml:133:9:135:23 | Run Step | Execution of untrusted code on a privileged workflow. |
| .github/workflows/mend.yml:29:9:33:28 | Uses Step | .github/workflows/mend.yml:22:9:29:6 | Uses Step | .github/workflows/mend.yml:29:9:33:28 | Uses Step | Execution of untrusted code on a privileged workflow. |
| .github/workflows/poc2.yml:42:9:47:6 | Uses Step | .github/workflows/poc2.yml:37:9:42:6 | Uses Step | .github/workflows/poc2.yml:42:9:47:6 | Uses Step | Execution of untrusted code on a privileged workflow. |
| .github/workflows/poc2.yml:52:9:58:24 | Run Step | .github/workflows/poc2.yml:37:9:42:6 | Uses Step | .github/workflows/poc2.yml:52:9:58:24 | Run Step | Execution of untrusted code on a privileged workflow. |
| .github/workflows/pr-workflow.yml:222:9:227:6 | Uses Step | .github/workflows/pr-workflow.yml:216:9:222:6 | Uses Step | .github/workflows/pr-workflow.yml:222:9:227:6 | Uses Step | Execution of untrusted code on a privileged workflow. |
| .github/workflows/pr-workflow.yml:256:9:261:6 | Uses Step | .github/workflows/pr-workflow.yml:250:9:256:6 | Uses Step | .github/workflows/pr-workflow.yml:256:9:261:6 | Uses Step | Execution of untrusted code on a privileged workflow. |
| .github/workflows/pr-workflow.yml:290:9:295:6 | Uses Step | .github/workflows/pr-workflow.yml:284:9:290:6 | Uses Step | .github/workflows/pr-workflow.yml:290:9:295:6 | Uses Step | Execution of untrusted code on a privileged workflow. |
| .github/workflows/pr-workflow.yml:391:9:395:6 | Uses Step | .github/workflows/pr-workflow.yml:386:9:391:6 | Uses Step | .github/workflows/pr-workflow.yml:391:9:395:6 | Uses Step | Execution of untrusted code on a privileged workflow. |
| .github/workflows/pr-workflow.yml:395:9:404:6 | Uses Step | .github/workflows/pr-workflow.yml:386:9:391:6 | Uses Step | .github/workflows/pr-workflow.yml:395:9:404:6 | Uses Step | Execution of untrusted code on a privileged workflow. |
| .github/workflows/pr-workflow.yml:404:9:414:6 | Uses Step | .github/workflows/pr-workflow.yml:386:9:391:6 | Uses Step | .github/workflows/pr-workflow.yml:404:9:414:6 | Uses Step | Execution of untrusted code on a privileged workflow. |
| .github/workflows/pr-workflow.yml:414:9:423:6 | Uses Step | .github/workflows/pr-workflow.yml:386:9:391:6 | Uses Step | .github/workflows/pr-workflow.yml:414:9:423:6 | Uses Step | Execution of untrusted code on a privileged workflow. |
| .github/workflows/pr-workflow.yml:423:9:432:2 | Uses Step | .github/workflows/pr-workflow.yml:386:9:391:6 | Uses Step | .github/workflows/pr-workflow.yml:423:9:432:2 | Uses Step | Execution of untrusted code on a privileged workflow. |
| .github/workflows/test5.yml:32:9:34:2 | Run Step | .github/workflows/test5.yml:28:9:32:6 | Uses Step | .github/workflows/test5.yml:32:9:34:2 | Run Step | Execution of untrusted code on a privileged workflow. |
| .github/workflows/test5.yml:58:9:60:2 | Run Step | .github/workflows/test5.yml:54:9:58:6 | Uses Step | .github/workflows/test5.yml:58:9:60:2 | Run Step | Execution of untrusted code on a privileged workflow. |
| .github/workflows/test5.yml:68:9:68:43 | Run Step | .github/workflows/test5.yml:64:9:68:6 | Uses Step | .github/workflows/test5.yml:68:9:68:43 | Run Step | Execution of untrusted code on a privileged workflow. |
| .github/workflows/test7.yml:33:9:36:6 | Run Step | .github/workflows/test7.yml:19:9:24:6 | Uses Step | .github/workflows/test7.yml:33:9:36:6 | Run Step | Execution of untrusted code on a privileged workflow. |
| .github/workflows/test7.yml:36:9:39:6 | Run Step | .github/workflows/test7.yml:19:9:24:6 | Uses Step | .github/workflows/test7.yml:36:9:39:6 | Run Step | Execution of untrusted code on a privileged workflow. |
| .github/workflows/test7.yml:49:9:58:20 | Run Step: benchmark-pr | .github/workflows/test7.yml:19:9:24:6 | Uses Step | .github/workflows/test7.yml:49:9:58:20 | Run Step: benchmark-pr | Execution of untrusted code on a privileged workflow. |
| .github/workflows/test9.yml:16:9:17:48 | Run Step | .github/workflows/test9.yml:11:9:16:6 | Uses Step | .github/workflows/test9.yml:16:9:17:48 | Run Step | Execution of untrusted code on a privileged workflow. |
| .github/workflows/test10.yml:25:9:30:2 | Run Step | .github/workflows/test10.yml:20:9:25:6 | Uses Step | .github/workflows/test10.yml:25:9:30:2 | Run Step | Execution of untrusted code on a privileged workflow. |
| .github/workflows/test11.yml:90:7:93:54 | Uses Step | .github/workflows/test11.yml:84:7:90:4 | Uses Step | .github/workflows/test11.yml:90:7:93:54 | Uses Step | Execution of untrusted code on a privileged workflow. |
| .github/workflows/untrusted_checkout4.yml:61:7:67:4 | Run Step | .github/workflows/untrusted_checkout4.yml:55:7:61:4 | Uses Step | .github/workflows/untrusted_checkout4.yml:61:7:67:4 | Run Step | Execution of untrusted code on a privileged workflow. |
| .github/workflows/untrusted_checkout4.yml:67:7:73:4 | Run Step | .github/workflows/untrusted_checkout4.yml:55:7:61:4 | Uses Step | .github/workflows/untrusted_checkout4.yml:67:7:73:4 | Run Step | Execution of untrusted code on a privileged workflow. |
| .github/workflows/untrusted_checkout4.yml:73:7:79:4 | Run Step | .github/workflows/untrusted_checkout4.yml:55:7:61:4 | Uses Step | .github/workflows/untrusted_checkout4.yml:73:7:79:4 | Run Step | Execution of untrusted code on a privileged workflow. |
| .github/workflows/untrusted_checkout.yml:20:9:22:23 | Run Step | .github/workflows/untrusted_checkout.yml:10:9:13:6 | Uses Step | .github/workflows/untrusted_checkout.yml:20:9:22:23 | Run Step | Execution of untrusted code on a privileged workflow. |
| .github/workflows/untrusted_checkout.yml:20:9:22:23 | Run Step | .github/workflows/untrusted_checkout.yml:13:9:16:6 | Uses Step | .github/workflows/untrusted_checkout.yml:20:9:22:23 | Run Step | Execution of untrusted code on a privileged workflow. |
