| gen_field_expr.rs:5:5:5:9 | ... .foo | gen_field_expr.rs:5:7:5:9 | foo |
