| gen_record_expr_field.rs:5:11:5:14 | a: ... | gen_record_expr_field.rs:5:14:5:14 | 1 |
| gen_record_expr_field.rs:5:17:5:20 | b: ... | gen_record_expr_field.rs:5:20:5:20 | 2 |
