| gen_tuple_struct_pat.rs:6:9:6:27 | TupleStructPat | hasResolvedPath: | no | hasResolvedCrateOrigin: | no | hasPath: | yes | getNumberOfFields: | 4 |
| gen_tuple_struct_pat.rs:7:9:7:20 | TupleStructPat | hasResolvedPath: | no | hasResolvedCrateOrigin: | no | hasPath: | yes | getNumberOfFields: | 2 |
| gen_tuple_struct_pat.rs:8:9:8:17 | TupleStructPat | hasResolvedPath: | no | hasResolvedCrateOrigin: | no | hasPath: | yes | getNumberOfFields: | 1 |
