{
  "attributes": {
    "steps": [
      {
        "action": "extract",
        "file": "<test-root-directory>/exe/src/a_module.rs",
        "ms": "__REDACTED__"
      },
      {
        "action": "extract",
        "file": "<test-root-directory>/exe/src/main.rs",
        "ms": "__REDACTED__"
      },
      {
        "action": "extract",
        "file": "<test-root-directory>/lib/src/a_module/mod.rs",
        "ms": "__REDACTED__"
      },
      {
        "action": "extract",
        "file": "<test-root-directory>/lib/src/lib.rs",
        "ms": "__REDACTED__"
      },
      {
        "action": "loadManifest",
        "file": "<test-root-directory>/<manifest-file>",
        "ms": "__REDACTED__"
      },
      {
        "action": "loadSource",
        "file": "<test-root-directory>/exe/src/a_module.rs",
        "ms": "__REDACTED__"
      },
      {
        "action": "loadSource",
        "file": "<test-root-directory>/exe/src/main.rs",
        "ms": "__REDACTED__"
      },
      {
        "action": "loadSource",
        "file": "<test-root-directory>/lib/src/a_module/mod.rs",
        "ms": "__REDACTED__"
      },
      {
        "action": "loadSource",
        "file": "<test-root-directory>/lib/src/lib.rs",
        "ms": "__REDACTED__"
      },
      {
        "action": "parse",
        "file": "<test-root-directory>/exe/src/a_module.rs",
        "ms": "__REDACTED__"
      },
      {
        "action": "parse",
        "file": "<test-root-directory>/exe/src/main.rs",
        "ms": "__REDACTED__"
      },
      {
        "action": "parse",
        "file": "<test-root-directory>/lib/src/a_module/mod.rs",
        "ms": "__REDACTED__"
      },
      {
        "action": "parse",
        "file": "<test-root-directory>/lib/src/lib.rs",
        "ms": "__REDACTED__"
      }
    ],
    "summary": {
      "durations": {
        "extract": {
          "ms": "__REDACTED__",
          "pretty": "__REDACTED__"
        },
        "loadManifest": {
          "ms": "__REDACTED__",
          "pretty": "__REDACTED__"
        },
        "loadSource": {
          "ms": "__REDACTED__",
          "pretty": "__REDACTED__"
        },
        "parse": {
          "ms": "__REDACTED__",
          "pretty": "__REDACTED__"
        },
        "total": {
          "ms": "__REDACTED__",
          "pretty": "__REDACTED__"
        }
      },
      "numberOfFiles": 4,
      "numberOfManifests": 1
    }
  },
  "severity": "note",
  "source": {
    "extractorName": "rust",
    "id": "rust/extractor/telemetry",
    "name": "telemetry"
  },
  "visibility": {
    "cliSummaryTable": false,
    "statusPage": false,
    "telemetry": true
  }
}
