nodes
| examples/ExceptionXssAjv.js:11:18:11:33 | ajv.errorsText() |
| examples/ExceptionXssAjv.js:11:18:11:33 | ajv.errorsText() |
| examples/ExceptionXssAjv.js:11:18:11:33 | ajv.errorsText() |
edges
| examples/ExceptionXssAjv.js:11:18:11:33 | ajv.errorsText() | examples/ExceptionXssAjv.js:11:18:11:33 | ajv.errorsText() |
#select
| examples/ExceptionXssAjv.js:11:18:11:33 | ajv.errorsText() | examples/ExceptionXssAjv.js:11:18:11:33 | ajv.errorsText() | examples/ExceptionXssAjv.js:11:18:11:33 | ajv.errorsText() | $@ is reinterpreted as HTML without escaping meta-characters. | examples/ExceptionXssAjv.js:11:18:11:33 | ajv.errorsText() | JSON schema validation error |
