| Dubious namespace "" in sink model. |
| Dubious namespace "" in source model. |
| Dubious namespace "" in summary model. |
| Dubious type "" in sink model. |
| Dubious type "" in source model. |
| Dubious type "" in summary model. |
| Invalid kind "remote-sink" in sink model. |
