localStep
| main.rs:5:11:5:11 | [SSA] i | main.rs:6:19:6:19 | i |
| main.rs:5:11:5:11 | i | main.rs:5:11:5:11 | [SSA] i |
| main.rs:5:11:5:16 | ...: i64 | main.rs:5:11:5:11 | i |
| main.rs:6:5:6:20 | MacroExpr | main.rs:5:29:7:1 | { ... } |
| main.rs:6:5:6:20 | res | main.rs:6:13:6:19 | { ... } |
| main.rs:6:13:6:19 | ...::format(...) | main.rs:6:5:6:20 | res |
| main.rs:6:13:6:19 | FormatArgsExpr | main.rs:6:13:6:19 | MacroExpr |
| main.rs:6:13:6:19 | { ... } | main.rs:6:13:6:19 | ...::must_use(...) |
| main.rs:9:17:9:17 | [SSA] i | main.rs:10:5:10:5 | i |
| main.rs:9:17:9:17 | i | main.rs:9:17:9:17 | [SSA] i |
| main.rs:9:17:9:24 | ...: usize | main.rs:9:17:9:17 | i |
| main.rs:10:5:10:5 | i | main.rs:9:36:11:1 | { ... } |
| main.rs:13:17:13:23 | ...: i64 | main.rs:13:17:13:18 | _i |
| main.rs:14:5:14:12 | "source" | main.rs:13:42:15:1 | { ... } |
| main.rs:17:15:17:15 | [SSA] s | main.rs:18:20:18:20 | s |
| main.rs:17:15:17:15 | s | main.rs:17:15:17:15 | [SSA] s |
| main.rs:17:15:17:21 | ...: ... | main.rs:17:15:17:15 | s |
| main.rs:18:14:18:20 | FormatArgsExpr | main.rs:18:14:18:20 | MacroExpr |
| main.rs:21:9:21:9 | [SSA] s | main.rs:22:20:22:20 | s |
| main.rs:21:9:21:9 | s | main.rs:21:9:21:9 | [SSA] s |
| main.rs:21:9:21:17 | ...: String | main.rs:21:9:21:9 | s |
| main.rs:22:14:22:20 | FormatArgsExpr | main.rs:22:14:22:20 | MacroExpr |
| main.rs:26:9:26:9 | [SSA] s | main.rs:27:19:27:19 | s |
| main.rs:26:9:26:9 | s | main.rs:26:9:26:9 | [SSA] s |
| main.rs:26:13:26:22 | source(...) | main.rs:26:9:26:9 | s |
| main.rs:27:9:27:14 | [SSA] sliced | main.rs:28:16:28:21 | sliced |
| main.rs:27:9:27:14 | sliced | main.rs:27:9:27:14 | [SSA] sliced |
| main.rs:27:18:27:25 | &... | main.rs:27:9:27:14 | sliced |
| main.rs:32:9:32:10 | [SSA] s1 | main.rs:35:14:35:15 | s1 |
| main.rs:32:9:32:10 | s1 | main.rs:32:9:32:10 | [SSA] s1 |
| main.rs:32:14:32:23 | source(...) | main.rs:32:9:32:10 | s1 |
| main.rs:33:9:33:10 | [SSA] s2 | main.rs:36:14:36:15 | s2 |
| main.rs:33:9:33:10 | s2 | main.rs:33:9:33:10 | [SSA] s2 |
| main.rs:33:14:33:27 | "2".to_owned(...) | main.rs:33:9:33:10 | s2 |
| main.rs:34:9:34:10 | [SSA] s3 | main.rs:35:19:35:20 | s3 |
| main.rs:34:9:34:10 | s3 | main.rs:34:9:34:10 | [SSA] s3 |
| main.rs:34:14:34:16 | "3" | main.rs:34:9:34:10 | s3 |
| main.rs:35:9:35:10 | [SSA] s4 | main.rs:38:10:38:11 | s4 |
| main.rs:35:9:35:10 | s4 | main.rs:35:9:35:10 | [SSA] s4 |
| main.rs:35:14:35:20 | ... + ... | main.rs:35:9:35:10 | s4 |
| main.rs:35:19:35:20 | s3 | main.rs:36:19:36:20 | s3 |
| main.rs:36:9:36:10 | [SSA] s5 | main.rs:39:10:39:11 | s5 |
| main.rs:36:9:36:10 | s5 | main.rs:36:9:36:10 | [SSA] s5 |
| main.rs:36:14:36:20 | ... + ... | main.rs:36:9:36:10 | s5 |
| main.rs:43:9:43:10 | [SSA] s1 | main.rs:46:34:46:35 | s1 |
| main.rs:43:9:43:10 | s1 | main.rs:43:9:43:10 | [SSA] s1 |
| main.rs:43:14:43:23 | source(...) | main.rs:43:9:43:10 | s1 |
| main.rs:44:9:44:10 | [SSA] s2 | main.rs:47:34:47:35 | s2 |
| main.rs:44:9:44:10 | s2 | main.rs:44:9:44:10 | [SSA] s2 |
| main.rs:44:14:44:28 | "1".to_string(...) | main.rs:44:9:44:10 | s2 |
| main.rs:51:9:51:10 | [SSA] s1 | main.rs:52:27:52:28 | s1 |
| main.rs:51:9:51:10 | s1 | main.rs:51:9:51:10 | [SSA] s1 |
| main.rs:51:14:51:29 | source_slice(...) | main.rs:51:9:51:10 | s1 |
| main.rs:52:9:52:10 | [SSA] s2 | main.rs:53:10:53:11 | s2 |
| main.rs:52:9:52:10 | s2 | main.rs:52:9:52:10 | [SSA] s2 |
| main.rs:52:14:52:29 | ...::from(...) | main.rs:52:9:52:10 | s2 |
| main.rs:57:9:57:10 | [SSA] s1 | main.rs:58:14:58:15 | s1 |
| main.rs:57:9:57:10 | s1 | main.rs:57:9:57:10 | [SSA] s1 |
| main.rs:57:14:57:29 | source_slice(...) | main.rs:57:9:57:10 | s1 |
| main.rs:58:9:58:10 | [SSA] s2 | main.rs:59:10:59:11 | s2 |
| main.rs:58:9:58:10 | s2 | main.rs:58:9:58:10 | [SSA] s2 |
| main.rs:58:14:58:27 | s1.to_string(...) | main.rs:58:9:58:10 | s2 |
| main.rs:63:9:63:9 | [SSA] s | main.rs:64:16:64:16 | s |
| main.rs:63:9:63:9 | s | main.rs:63:9:63:9 | [SSA] s |
| main.rs:63:13:63:22 | source(...) | main.rs:63:9:63:9 | s |
| main.rs:68:9:68:9 | [SSA] s | main.rs:70:60:70:60 | s |
| main.rs:68:9:68:9 | s | main.rs:68:9:68:9 | [SSA] s |
| main.rs:68:13:68:22 | source(...) | main.rs:68:9:68:9 | s |
| main.rs:70:9:70:18 | [SSA] formatted1 | main.rs:71:10:71:19 | formatted1 |
| main.rs:70:9:70:18 | formatted1 | main.rs:70:9:70:18 | [SSA] formatted1 |
| main.rs:70:22:70:62 | ...::format(...) | main.rs:70:9:70:18 | formatted1 |
| main.rs:70:46:70:61 | FormatArgsExpr | main.rs:70:34:70:61 | MacroExpr |
| main.rs:70:60:70:60 | s | main.rs:73:55:73:55 | s |
| main.rs:73:9:73:18 | [SSA] formatted2 | main.rs:74:10:74:19 | formatted2 |
| main.rs:73:9:73:18 | formatted2 | main.rs:73:9:73:18 | [SSA] formatted2 |
| main.rs:73:22:73:60 | ...::format(...) | main.rs:73:9:73:18 | formatted2 |
| main.rs:73:46:73:59 | FormatArgsExpr | main.rs:73:34:73:59 | MacroExpr |
| main.rs:76:9:76:13 | [SSA] width | main.rs:77:56:77:60 | width |
| main.rs:76:9:76:13 | width | main.rs:76:9:76:13 | [SSA] width |
| main.rs:76:17:76:32 | source_usize(...) | main.rs:76:9:76:13 | width |
| main.rs:77:9:77:18 | [SSA] formatted3 | main.rs:78:10:78:19 | formatted3 |
| main.rs:77:9:77:18 | formatted3 | main.rs:77:9:77:18 | [SSA] formatted3 |
| main.rs:77:22:77:75 | ...::format(...) | main.rs:77:9:77:18 | formatted3 |
| main.rs:77:46:77:74 | FormatArgsExpr | main.rs:77:34:77:74 | MacroExpr |
| main.rs:82:9:82:10 | [SSA] s1 | main.rs:86:24:86:25 | s1 |
| main.rs:82:9:82:10 | s1 | main.rs:82:9:82:10 | [SSA] s1 |
| main.rs:82:14:82:23 | source(...) | main.rs:82:9:82:10 | s1 |
| main.rs:83:9:83:10 | [SSA] s2 | main.rs:88:20:88:21 | s2 |
| main.rs:83:9:83:10 | s2 | main.rs:83:9:83:10 | [SSA] s2 |
| main.rs:83:14:83:16 | "2" | main.rs:83:9:83:10 | s2 |
| main.rs:84:9:84:10 | [SSA] s3 | main.rs:87:29:87:30 | s3 |
| main.rs:84:9:84:10 | s3 | main.rs:84:9:84:10 | [SSA] s3 |
| main.rs:84:14:84:16 | "3" | main.rs:84:9:84:10 | s3 |
| main.rs:86:10:86:26 | res | main.rs:86:18:86:25 | { ... } |
| main.rs:86:18:86:25 | ...::format(...) | main.rs:86:10:86:26 | res |
| main.rs:86:18:86:25 | ...::must_use(...) | main.rs:86:10:86:26 | MacroExpr |
| main.rs:86:18:86:25 | FormatArgsExpr | main.rs:86:18:86:25 | MacroExpr |
| main.rs:86:18:86:25 | { ... } | main.rs:86:18:86:25 | ...::must_use(...) |
| main.rs:86:24:86:25 | s1 | main.rs:87:20:87:21 | s1 |
| main.rs:87:10:87:33 | res | main.rs:87:18:87:32 | { ... } |
| main.rs:87:18:87:32 | ...::format(...) | main.rs:87:10:87:33 | res |
| main.rs:87:18:87:32 | ...::must_use(...) | main.rs:87:10:87:33 | MacroExpr |
| main.rs:87:18:87:32 | FormatArgsExpr | main.rs:87:18:87:32 | MacroExpr |
| main.rs:87:18:87:32 | { ... } | main.rs:87:18:87:32 | ...::must_use(...) |
| main.rs:87:29:87:30 | s3 | main.rs:88:29:88:30 | s3 |
| main.rs:88:10:88:33 | res | main.rs:88:18:88:32 | { ... } |
| main.rs:88:18:88:32 | ...::format(...) | main.rs:88:10:88:33 | res |
| main.rs:88:18:88:32 | ...::must_use(...) | main.rs:88:10:88:33 | MacroExpr |
| main.rs:88:18:88:32 | FormatArgsExpr | main.rs:88:18:88:32 | MacroExpr |
| main.rs:88:18:88:32 | { ... } | main.rs:88:18:88:32 | ...::must_use(...) |
storeStep
| file://:0:0:0:0 | [summary] to write: ReturnValue.Variant[crate::result::Result::Ok(0)] in repo:https://github.com/seanmonstar/reqwest:reqwest::_::<crate::blocking::response::Response>::text | Ok | file://:0:0:0:0 | [summary] to write: ReturnValue in repo:https://github.com/seanmonstar/reqwest:reqwest::_::<crate::blocking::response::Response>::text |
| main.rs:27:19:27:25 | s[...] | &ref | main.rs:27:18:27:25 | &... |
| main.rs:46:34:46:35 | s1 | &ref | main.rs:46:33:46:35 | &s1 |
| main.rs:47:34:47:35 | s2 | &ref | main.rs:47:33:47:35 | &s2 |
readStep
| file://:0:0:0:0 | [summary param] self in lang:core::_::<crate::option::Option>::unwrap | Some | file://:0:0:0:0 | [summary] read: Argument[self].Variant[crate::option::Option::Some(0)] in lang:core::_::<crate::option::Option>::unwrap |
| file://:0:0:0:0 | [summary param] self in lang:core::_::<crate::option::Option>::unwrap_or | Some | file://:0:0:0:0 | [summary] read: Argument[self].Variant[crate::option::Option::Some(0)] in lang:core::_::<crate::option::Option>::unwrap_or |
| file://:0:0:0:0 | [summary param] self in lang:core::_::<crate::result::Result>::unwrap | Ok | file://:0:0:0:0 | [summary] read: Argument[self].Variant[crate::result::Result::Ok(0)] in lang:core::_::<crate::result::Result>::unwrap |
| file://:0:0:0:0 | [summary param] self in lang:core::_::<crate::result::Result>::unwrap_or | Ok | file://:0:0:0:0 | [summary] read: Argument[self].Variant[crate::result::Result::Ok(0)] in lang:core::_::<crate::result::Result>::unwrap_or |
| main.rs:27:19:27:19 | s | array[] | main.rs:27:19:27:25 | s[...] |
