testFailures
| test.swift:863:24:864:1 | // $ flow=873\n | Missing result: flow=873 |
failures
