| src/cfg.rs:7:1:8:19 | cfg_no_flag |
| src/cfg.rs:10:1:11:18 | cfg_no_key |
