| gen_tuple_type_ref.rs:3:29:3:30 | TupleTypeRef | getNumberOfFields: | 0 |
