#select
| TaintedPath.go:19:29:19:40 | tainted_path | TaintedPath.go:16:18:16:22 | selection of URL | TaintedPath.go:19:29:19:40 | tainted_path | This path depends on a $@. | TaintedPath.go:16:18:16:22 | selection of URL | user-provided value |
| TaintedPath.go:23:28:23:69 | call to Join | TaintedPath.go:16:18:16:22 | selection of URL | TaintedPath.go:23:28:23:69 | call to Join | This path depends on a $@. | TaintedPath.go:16:18:16:22 | selection of URL | user-provided value |
| TaintedPath.go:70:28:70:57 | call to Clean | TaintedPath.go:16:18:16:22 | selection of URL | TaintedPath.go:70:28:70:57 | call to Clean | This path depends on a $@. | TaintedPath.go:16:18:16:22 | selection of URL | user-provided value |
edges
| TaintedPath.go:16:18:16:22 | selection of URL | TaintedPath.go:16:18:16:30 | call to Query | provenance | Src:MaD:2 MaD:3 |
| TaintedPath.go:16:18:16:30 | call to Query | TaintedPath.go:19:29:19:40 | tainted_path | provenance | Sink:MaD:1 |
| TaintedPath.go:16:18:16:30 | call to Query | TaintedPath.go:23:57:23:68 | tainted_path | provenance |  |
| TaintedPath.go:16:18:16:30 | call to Query | TaintedPath.go:70:39:70:56 | ...+... | provenance |  |
| TaintedPath.go:23:57:23:68 | tainted_path | TaintedPath.go:23:28:23:69 | call to Join | provenance | FunctionModel Sink:MaD:1 |
| TaintedPath.go:70:39:70:56 | ...+... | TaintedPath.go:70:28:70:57 | call to Clean | provenance | MaD:4 Sink:MaD:1 |
models
| 1 | Sink: io/ioutil; ; false; ReadFile; ; ; Argument[0]; path-injection; manual |
| 2 | Source: net/http; Request; true; URL; ; ; ; remote; manual |
| 3 | Summary: net/url; URL; true; Query; ; ; Argument[receiver]; ReturnValue; taint; manual |
| 4 | Summary: path; ; false; Clean; ; ; Argument[0]; ReturnValue; taint; manual |
nodes
| TaintedPath.go:16:18:16:22 | selection of URL | semmle.label | selection of URL |
| TaintedPath.go:16:18:16:30 | call to Query | semmle.label | call to Query |
| TaintedPath.go:19:29:19:40 | tainted_path | semmle.label | tainted_path |
| TaintedPath.go:23:28:23:69 | call to Join | semmle.label | call to Join |
| TaintedPath.go:23:57:23:68 | tainted_path | semmle.label | tainted_path |
| TaintedPath.go:70:28:70:57 | call to Clean | semmle.label | call to Clean |
| TaintedPath.go:70:39:70:56 | ...+... | semmle.label | ...+... |
subpaths
