| gen_format_args_expr.rs:9:20:9:20 | x | hasResolvedPath: | no | hasResolvedCrateOrigin: | no |
| gen_format_args_expr.rs:9:25:9:25 | y | hasResolvedPath: | no | hasResolvedCrateOrigin: | no |
| gen_format_argument.rs:5:22:5:26 | value | hasResolvedPath: | no | hasResolvedCrateOrigin: | no |
| gen_format_argument.rs:5:29:5:33 | width | hasResolvedPath: | no | hasResolvedCrateOrigin: | no |
| gen_format_argument.rs:5:36:5:44 | precision | hasResolvedPath: | no | hasResolvedCrateOrigin: | no |
