| gen_path.rs:5:9:5:18 | some_crate | hasResolvedPath: | no | hasResolvedCrateOrigin: | no | hasQualifier: | no | hasPart: | yes |
| gen_path.rs:5:9:5:31 | ...::some_module | hasResolvedPath: | no | hasResolvedCrateOrigin: | no | hasQualifier: | yes | hasPart: | yes |
| gen_path.rs:5:9:5:42 | ...::some_item | hasResolvedPath: | no | hasResolvedCrateOrigin: | no | hasQualifier: | yes | hasPart: | yes |
| gen_path.rs:6:5:6:7 | foo | hasResolvedPath: | no | hasResolvedCrateOrigin: | no | hasQualifier: | no | hasPart: | yes |
| gen_path.rs:6:5:6:12 | ...::bar | hasResolvedPath: | no | hasResolvedCrateOrigin: | no | hasQualifier: | yes | hasPart: | yes |
| gen_path_expr.rs:5:13:5:20 | variable | hasResolvedPath: | no | hasResolvedCrateOrigin: | no | hasQualifier: | no | hasPart: | yes |
| gen_path_expr.rs:6:13:6:15 | foo | hasResolvedPath: | no | hasResolvedCrateOrigin: | no | hasQualifier: | no | hasPart: | yes |
| gen_path_expr.rs:6:13:6:20 | ...::bar | hasResolvedPath: | no | hasResolvedCrateOrigin: | no | hasQualifier: | yes | hasPart: | yes |
| gen_path_expr.rs:7:13:7:15 | <...> | hasResolvedPath: | no | hasResolvedCrateOrigin: | no | hasQualifier: | no | hasPart: | yes |
| gen_path_expr.rs:7:13:7:20 | ...::foo | hasResolvedPath: | no | hasResolvedCrateOrigin: | no | hasQualifier: | yes | hasPart: | yes |
| gen_path_expr.rs:7:14:7:14 | T | hasResolvedPath: | no | hasResolvedCrateOrigin: | no | hasQualifier: | no | hasPart: | yes |
| gen_path_expr.rs:7:14:7:14 | T | hasResolvedPath: | no | hasResolvedCrateOrigin: | no | hasQualifier: | no | hasPart: | yes |
| gen_path_expr.rs:8:13:8:30 | <...> | hasResolvedPath: | no | hasResolvedCrateOrigin: | no | hasQualifier: | no | hasPart: | yes |
| gen_path_expr.rs:8:13:8:35 | ...::foo | hasResolvedPath: | no | hasResolvedCrateOrigin: | no | hasQualifier: | yes | hasPart: | yes |
| gen_path_expr.rs:8:14:8:20 | TypeRef | hasResolvedPath: | no | hasResolvedCrateOrigin: | no | hasQualifier: | no | hasPart: | yes |
| gen_path_expr.rs:8:14:8:20 | TypeRef | hasResolvedPath: | no | hasResolvedCrateOrigin: | no | hasQualifier: | no | hasPart: | yes |
| gen_path_pat.rs:5:11:5:11 | x | hasResolvedPath: | no | hasResolvedCrateOrigin: | no | hasQualifier: | no | hasPart: | yes |
| gen_path_pat.rs:6:9:6:11 | Foo | hasResolvedPath: | no | hasResolvedCrateOrigin: | no | hasQualifier: | no | hasPart: | yes |
| gen_path_pat.rs:6:9:6:16 | ...::Bar | hasResolvedPath: | no | hasResolvedCrateOrigin: | no | hasQualifier: | yes | hasPart: | yes |
| gen_path_type.rs:5:5:5:8 | todo | hasResolvedPath: | no | hasResolvedCrateOrigin: | no | hasQualifier: | no | hasPart: | yes |
| gen_path_type.rs:5:5:5:11 | $crate | hasResolvedPath: | no | hasResolvedCrateOrigin: | no | hasQualifier: | no | hasPart: | yes |
| gen_path_type.rs:5:5:5:11 | ...::panic | hasResolvedPath: | yes | hasResolvedCrateOrigin: | yes | hasQualifier: | yes | hasPart: | yes |
| gen_path_type.rs:5:5:5:11 | ...::panicking | hasResolvedPath: | yes | hasResolvedCrateOrigin: | yes | hasQualifier: | yes | hasPart: | yes |
