| gen_loop_expr.rs:8:5:11:5 | loop {...} | gen_loop_expr.rs:8:5:8:11 | ''label |
